---
source: src/task/vars/test.rs
expression: uncolorize(vars)
---

  ansible_user: "Expected type String got Number"
  ansible_password: "Expected type String got Bool"
  cartridge_cluster_cookie: "Expected type String got Number"
  cartridge_package_path: "Expected type String got Dict"
  cartridge_bootstrap_vshard: "Expected type Bool got Number"
  cartridge_failover_params: "Expected type Dict got List"
