---
source: src/task/cluster/test.rs
expression: cluster
---
---
# List of replicasets as an array
topology:
  - name: router
    replicaset_count: 1
    # Array of roles for this instance
    roles:
      - router
      - failover-coordinator
  - name: storage
    replicaset_count: 2
    # Number of replicas in replicaset, default 0
    replication_factor: 2
    # Array of roles for this instance
    roles:
      - storage
# List of regions, datacenters, and servers
hosts:
  - name: datacenter-1
    # Config with arbitrary key-values pairs
    config:
      # Specify http port to start counting from
      http_port: 8081
      # Specify binary port to start counting from
      binary_port: 3031
    # List of regions, datacenters, and servers
    hosts:
      - name: server-1
        # Config with arbitrary key-values pairs
        config:
          # Specify http port to start counting from
          http_port: 8081
          # Specify binary port to start counting from
          binary_port: 3031
          # Host or instance address (maybe IP or URI)
          address: 192.168.16.11
      - name: server-2
        # Config with arbitrary key-values pairs
        config:
          # Specify http port to start counting from
          http_port: 8081
          # Specify binary port to start counting from
          binary_port: 3031
          # Host or instance address (maybe IP or URI)
          address: 192.168.16.12
# Failover management options
failover:
  # Failover mode (stateful, eventual, disabled, raft)
  mode: stateful
  # What is serve failover (stateboard, stateful)
  state_provider: stateboard
  # Params for chosen in state_provider failover type
  stateboard_params:
    # Uri on which the stateboard will be available
    uri: "192.168.16.11:4401"
    # Stateboard password
    password: password
# Vars similar to those configured in the cartridge inventory
vars:
  # Username under which the ansible will connect to the servers
  ansible_user: ansible
  # Ansible user password
  ansible_password: ansible
  # Application name
  cartridge_app_name: myapp
  # Cookie for connecting to the administrative console of the instances
  cartridge_cluster_cookie: myapp-cookie
  # Path to the application package
  cartridge_package_path: /tmp/myapp.rpm
  # Indicates if vshard must be bootstrapped on the cluster
  cartridge_bootstrap_vshard: true
