---
source: src/task/flv/test.rs
expression: uncolorize(invalid_v1)
---

  mode: stateful
  state_provider: etcd2
  etcd2_params: 
    prefix: /cartridge
    lock_delay: "Field 'lock_delay' must be a Number"
    endpoints:
      - http://172.20.73.12:2379
      - "InvalidUri"
    username: "Field 'username' must be a String"
    password: "Field 'password' must be a String"
