---
source: src/task/flv/test.rs
expression: uncolorize(invalid_v1)
---

  mode: stateful
  state_provider: etcd2
  etcd2_params: 
    prefix: /cartridge
    lock_delay: "Expected type Number got String"
    endpoints:
      - http://172.20.73.12:2379
      - "InvalidUri"
    username: "Expected type String got Number"
    password: "Expected type String got Number"
